  Geri y├╝klenecek projeler belirleniyor...
  Geri y├╝kleme i├ğin t├╝m projeler g├╝ncel.
  SNA.GraphAlgorithms.Core -> C:\Users\kizil\Desktop\SNA-GraphAlgorithms\SNA.GraphAlgorithms.Core\bin\Debug\net8.0\SNA.GraphAlgorithms.Core.dll
  SNA.GraphAlgorithms.Infrastructure -> C:\Users\kizil\Desktop\SNA-GraphAlgorithms\SNA.GraphAlgorithms.Infrastructure\bin\Debug\net8.0\SNA.GraphAlgorithms.Infrastructure.dll
C:\Program Files\dotnet\sdk\10.0.101\Microsoft.Common.CurrentVersion.targets(2437,5): warning MSB3245: Bu ba┼şvuru ├ğ├Âz├╝mlenemedi. "Microsoft.VisualBasic" b├╝t├╝nle┼ştirilmi┼ş kodu bulunamad─▒. B├╝t├╝nle┼ştirilmi┼ş kodun diskte mevcut oldu─şundan emin olun. Bu ba┼şvuru kodunuz i├ğin gerekliyse, derleme hatalar─▒yla kar┼ş─▒la┼şabilirsiniz. [C:\Users\kizil\Desktop\SNA-GraphAlgorithms\SNA.GraphAlgorithms.App\SNA.GraphAlgorithms.App.csproj]
C:\Program Files\dotnet\sdk\10.0.101\Microsoft.Common.CurrentVersion.targets(2437,5): warning MSB3243: "Microsoft.VisualBasic, Version=10.1.0.0, Culture=neutral, PublicKeyToken=b03f5f7f11d50a3a" ve "Microsoft.VisualBasic" aras─▒ndaki ├ğak─▒┼şmay─▒ ├ğ├Âz├╝mleyecek bir y├Ântem yok. Rastgele olarak "Microsoft.VisualBasic, Version=10.1.0.0, Culture=neutral, PublicKeyToken=b03f5f7f11d50a3a" se├ğiliyor. [C:\Users\kizil\Desktop\SNA-GraphAlgorithms\SNA.GraphAlgorithms.App\SNA.GraphAlgorithms.App.csproj]
C:\Users\kizil\Desktop\SNA-GraphAlgorithms\SNA.GraphAlgorithms.App\Form1.cs(56,16): warning CS8618: Null atanamaz alan 'graphPanel', olu┼şturucudan ├ğ─▒k─▒┼ş yaparken null olmayan bir de─şer i├ğermelidir. 'Gerekli' de─şi┼ştiricisini ekleyin veya alan de─şerini null atanabilir olarak bildirmeyi g├Âz ├Ân├╝nde bulundurun. [C:\Users\kizil\Desktop\SNA-GraphAlgorithms\SNA.GraphAlgorithms.App\SNA.GraphAlgorithms.App.csproj]
C:\Users\kizil\Desktop\SNA-GraphAlgorithms\SNA.GraphAlgorithms.App\Form1.cs(56,16): warning CS8618: Null atanamaz alan 'controlPanel', olu┼şturucudan ├ğ─▒k─▒┼ş yaparken null olmayan bir de─şer i├ğermelidir. 'Gerekli' de─şi┼ştiricisini ekleyin veya alan de─şerini null atanabilir olarak bildirmeyi g├Âz ├Ân├╝nde bulundurun. [C:\Users\kizil\Desktop\SNA-GraphAlgorithms\SNA.GraphAlgorithms.App\SNA.GraphAlgorithms.App.csproj]
C:\Users\kizil\Desktop\SNA-GraphAlgorithms\SNA.GraphAlgorithms.App\Form1.cs(56,16): warning CS8618: Null atanamaz alan 'resultsPanel', olu┼şturucudan ├ğ─▒k─▒┼ş yaparken null olmayan bir de─şer i├ğermelidir. 'Gerekli' de─şi┼ştiricisini ekleyin veya alan de─şerini null atanabilir olarak bildirmeyi g├Âz ├Ân├╝nde bulundurun. [C:\Users\kizil\Desktop\SNA-GraphAlgorithms\SNA.GraphAlgorithms.App\SNA.GraphAlgorithms.App.csproj]
C:\Users\kizil\Desktop\SNA-GraphAlgorithms\SNA.GraphAlgorithms.App\Form1.cs(56,16): warning CS8618: Null atanamaz alan 'resultListBox', olu┼şturucudan ├ğ─▒k─▒┼ş yaparken null olmayan bir de─şer i├ğermelidir. 'Gerekli' de─şi┼ştiricisini ekleyin veya alan de─şerini null atanabilir olarak bildirmeyi g├Âz ├Ân├╝nde bulundurun. [C:\Users\kizil\Desktop\SNA-GraphAlgorithms\SNA.GraphAlgorithms.App\SNA.GraphAlgorithms.App.csproj]
C:\Users\kizil\Desktop\SNA-GraphAlgorithms\SNA.GraphAlgorithms.App\Form1.cs(56,16): warning CS8618: Null atanamaz alan 'infoTextBox', olu┼şturucudan ├ğ─▒k─▒┼ş yaparken null olmayan bir de─şer i├ğermelidir. 'Gerekli' de─şi┼ştiricisini ekleyin veya alan de─şerini null atanabilir olarak bildirmeyi g├Âz ├Ân├╝nde bulundurun. [C:\Users\kizil\Desktop\SNA-GraphAlgorithms\SNA.GraphAlgorithms.App\SNA.GraphAlgorithms.App.csproj]
C:\Users\kizil\Desktop\SNA-GraphAlgorithms\SNA.GraphAlgorithms.App\Form1.cs(56,16): warning CS8618: Null atanamaz alan 'algorithmComboBox', olu┼şturucudan ├ğ─▒k─▒┼ş yaparken null olmayan bir de─şer i├ğermelidir. 'Gerekli' de─şi┼ştiricisini ekleyin veya alan de─şerini null atanabilir olarak bildirmeyi g├Âz ├Ân├╝nde bulundurun. [C:\Users\kizil\Desktop\SNA-GraphAlgorithms\SNA.GraphAlgorithms.App\SNA.GraphAlgorithms.App.csproj]
C:\Users\kizil\Desktop\SNA-GraphAlgorithms\SNA.GraphAlgorithms.App\Form1.cs(56,16): warning CS8618: Null atanamaz alan 'startNodeComboBox', olu┼şturucudan ├ğ─▒k─▒┼ş yaparken null olmayan bir de─şer i├ğermelidir. 'Gerekli' de─şi┼ştiricisini ekleyin veya alan de─şerini null atanabilir olarak bildirmeyi g├Âz ├Ân├╝nde bulundurun. [C:\Users\kizil\Desktop\SNA-GraphAlgorithms\SNA.GraphAlgorithms.App\SNA.GraphAlgorithms.App.csproj]
C:\Users\kizil\Desktop\SNA-GraphAlgorithms\SNA.GraphAlgorithms.App\Form1.cs(56,16): warning CS8618: Null atanamaz alan 'endNodeComboBox', olu┼şturucudan ├ğ─▒k─▒┼ş yaparken null olmayan bir de─şer i├ğermelidir. 'Gerekli' de─şi┼ştiricisini ekleyin veya alan de─şerini null atanabilir olarak bildirmeyi g├Âz ├Ân├╝nde bulundurun. [C:\Users\kizil\Desktop\SNA-GraphAlgorithms\SNA.GraphAlgorithms.App\SNA.GraphAlgorithms.App.csproj]
C:\Users\kizil\Desktop\SNA-GraphAlgorithms\SNA.GraphAlgorithms.App\Form1.cs(56,16): warning CS8618: Null atanamaz alan 'runAlgorithmButton', olu┼şturucudan ├ğ─▒k─▒┼ş yaparken null olmayan bir de─şer i├ğermelidir. 'Gerekli' de─şi┼ştiricisini ekleyin veya alan de─şerini null atanabilir olarak bildirmeyi g├Âz ├Ân├╝nde bulundurun. [C:\Users\kizil\Desktop\SNA-GraphAlgorithms\SNA.GraphAlgorithms.App\SNA.GraphAlgorithms.App.csproj]
C:\Users\kizil\Desktop\SNA-GraphAlgorithms\SNA.GraphAlgorithms.App\Form1.cs(56,16): warning CS8618: Null atanamaz alan 'statusLabel', olu┼şturucudan ├ğ─▒k─▒┼ş yaparken null olmayan bir de─şer i├ğermelidir. 'Gerekli' de─şi┼ştiricisini ekleyin veya alan de─şerini null atanabilir olarak bildirmeyi g├Âz ├Ân├╝nde bulundurun. [C:\Users\kizil\Desktop\SNA-GraphAlgorithms\SNA.GraphAlgorithms.App\SNA.GraphAlgorithms.App.csproj]
C:\Users\kizil\Desktop\SNA-GraphAlgorithms\SNA.GraphAlgorithms.App\Form1.cs(97,59): warning CS8622: Muhtemelen null atanabilirlik ├Âznitelikleri nedeniyle, 'sender' parametresinin 'void Form1.LoadCsvClick(object sender, EventArgs e)' t├╝r├╝ndeki ba┼şvuru t├╝rlerinin null atanabilirli─şi 'EventHandler' hedef temsilcisiyle e┼şle┼şmiyor. [C:\Users\kizil\Desktop\SNA-GraphAlgorithms\SNA.GraphAlgorithms.App\SNA.GraphAlgorithms.App.csproj]
C:\Users\kizil\Desktop\SNA-GraphAlgorithms\SNA.GraphAlgorithms.App\Form1.cs(98,62): warning CS8622: Muhtemelen null atanabilirlik ├Âznitelikleri nedeniyle, 'sender' parametresinin 'void Form1.ExportJsonClick(object sender, EventArgs e)' t├╝r├╝ndeki ba┼şvuru t├╝rlerinin null atanabilirli─şi 'EventHandler' hedef temsilcisiyle e┼şle┼şmiyor. [C:\Users\kizil\Desktop\SNA-GraphAlgorithms\SNA.GraphAlgorithms.App\SNA.GraphAlgorithms.App.csproj]
C:\Users\kizil\Desktop\SNA-GraphAlgorithms\SNA.GraphAlgorithms.App\Form1.cs(99,62): warning CS8622: Muhtemelen null atanabilirlik ├Âznitelikleri nedeniyle, 'sender' parametresinin 'void Form1.ExportCsvClick(object sender, EventArgs e)' t├╝r├╝ndeki ba┼şvuru t├╝rlerinin null atanabilirli─şi 'EventHandler' hedef temsilcisiyle e┼şle┼şmiyor. [C:\Users\kizil\Desktop\SNA-GraphAlgorithms\SNA.GraphAlgorithms.App\SNA.GraphAlgorithms.App.csproj]
C:\Users\kizil\Desktop\SNA-GraphAlgorithms\SNA.GraphAlgorithms.App\Form1.cs(100,67): warning CS8622: Muhtemelen null atanabilirlik ├Âznitelikleri nedeniyle, 'sender' parametresinin 'void Form1.ExportAllClick(object sender, EventArgs e)' t├╝r├╝ndeki ba┼şvuru t├╝rlerinin null atanabilirli─şi 'EventHandler' hedef temsilcisiyle e┼şle┼şmiyor. [C:\Users\kizil\Desktop\SNA-GraphAlgorithms\SNA.GraphAlgorithms.App\SNA.GraphAlgorithms.App.csproj]
C:\Users\kizil\Desktop\SNA-GraphAlgorithms\SNA.GraphAlgorithms.App\Form1.cs(109,61): warning CS8622: Muhtemelen null atanabilirlik ├Âznitelikleri nedeniyle, 'sender' parametresinin 'void Form1.AddNodeClick(object sender, EventArgs e)' t├╝r├╝ndeki ba┼şvuru t├╝rlerinin null atanabilirli─şi 'EventHandler' hedef temsilcisiyle e┼şle┼şmiyor. [C:\Users\kizil\Desktop\SNA-GraphAlgorithms\SNA.GraphAlgorithms.App\SNA.GraphAlgorithms.App.csproj]
C:\Users\kizil\Desktop\SNA-GraphAlgorithms\SNA.GraphAlgorithms.App\Form1.cs(110,61): warning CS8622: Muhtemelen null atanabilirlik ├Âznitelikleri nedeniyle, 'sender' parametresinin 'void Form1.AddEdgeClick(object sender, EventArgs e)' t├╝r├╝ndeki ba┼şvuru t├╝rlerinin null atanabilirli─şi 'EventHandler' hedef temsilcisiyle e┼şle┼şmiyor. [C:\Users\kizil\Desktop\SNA-GraphAlgorithms\SNA.GraphAlgorithms.App\SNA.GraphAlgorithms.App.csproj]
C:\Users\kizil\Desktop\SNA-GraphAlgorithms\SNA.GraphAlgorithms.App\Form1.cs(127,58): warning CS8622: Muhtemelen null atanabilirlik ├Âznitelikleri nedeniyle, 'sender' parametresinin 'void Form1.ShowAbout(object sender, EventArgs e)' t├╝r├╝ndeki ba┼şvuru t├╝rlerinin null atanabilirli─şi 'EventHandler' hedef temsilcisiyle e┼şle┼şmiyor. [C:\Users\kizil\Desktop\SNA-GraphAlgorithms\SNA.GraphAlgorithms.App\SNA.GraphAlgorithms.App.csproj]
C:\Users\kizil\Desktop\SNA-GraphAlgorithms\SNA.GraphAlgorithms.App\Form1.cs(224,41): warning CS8622: Muhtemelen null atanabilirlik ├Âznitelikleri nedeniyle, 'sender' parametresinin 'void Form1.RunAlgorithmButton_Click(object sender, EventArgs e)' t├╝r├╝ndeki ba┼şvuru t├╝rlerinin null atanabilirli─şi 'EventHandler' hedef temsilcisiyle e┼şle┼şmiyor. [C:\Users\kizil\Desktop\SNA-GraphAlgorithms\SNA.GraphAlgorithms.App\SNA.GraphAlgorithms.App.csproj]
C:\Users\kizil\Desktop\SNA-GraphAlgorithms\SNA.GraphAlgorithms.App\Form1.cs(276,33): warning CS8622: Muhtemelen null atanabilirlik ├Âznitelikleri nedeniyle, 'sender' parametresinin 'void Form1.GraphPanel_Paint(object sender, PaintEventArgs e)' t├╝r├╝ndeki ba┼şvuru t├╝rlerinin null atanabilirli─şi 'PaintEventHandler' hedef temsilcisiyle e┼şle┼şmiyor. [C:\Users\kizil\Desktop\SNA-GraphAlgorithms\SNA.GraphAlgorithms.App\SNA.GraphAlgorithms.App.csproj]
C:\Users\kizil\Desktop\SNA-GraphAlgorithms\SNA.GraphAlgorithms.App\Form1.cs(277,38): warning CS8622: Muhtemelen null atanabilirlik ├Âznitelikleri nedeniyle, 'sender' parametresinin 'void Form1.GraphPanel_MouseClick(object sender, MouseEventArgs e)' t├╝r├╝ndeki ba┼şvuru t├╝rlerinin null atanabilirli─şi 'MouseEventHandler' hedef temsilcisiyle e┼şle┼şmiyor. [C:\Users\kizil\Desktop\SNA-GraphAlgorithms\SNA.GraphAlgorithms.App\SNA.GraphAlgorithms.App.csproj]
C:\Users\kizil\Desktop\SNA-GraphAlgorithms\SNA.GraphAlgorithms.App\Form1.cs(278,37): warning CS8622: Muhtemelen null atanabilirlik ├Âznitelikleri nedeniyle, 'sender' parametresinin 'void Form1.GraphPanel_MouseMove(object sender, MouseEventArgs e)' t├╝r├╝ndeki ba┼şvuru t├╝rlerinin null atanabilirli─şi 'MouseEventHandler' hedef temsilcisiyle e┼şle┼şmiyor. [C:\Users\kizil\Desktop\SNA-GraphAlgorithms\SNA.GraphAlgorithms.App\SNA.GraphAlgorithms.App.csproj]
C:\Users\kizil\Desktop\SNA-GraphAlgorithms\SNA.GraphAlgorithms.App\Form1.cs(311,51): warning CS8622: Muhtemelen null atanabilirlik ├Âznitelikleri nedeniyle, 'sender' parametresinin 'void Form1.ResultListBox_SelectedIndexChanged(object sender, EventArgs e)' t├╝r├╝ndeki ba┼şvuru t├╝rlerinin null atanabilirli─şi 'EventHandler' hedef temsilcisiyle e┼şle┼şmiyor. [C:\Users\kizil\Desktop\SNA-GraphAlgorithms\SNA.GraphAlgorithms.App\SNA.GraphAlgorithms.App.csproj]
C:\Users\kizil\Desktop\SNA-GraphAlgorithms\SNA.GraphAlgorithms.App\Form1.cs(330,27): error CS0029: 'System.Windows.Forms.ToolStripStatusLabel' t├╝r├╝ ├Ârt├╝l├╝ olarak 'System.Windows.Forms.Label' t├╝r├╝ne d├Ân├╝┼şt├╝r├╝lemez [C:\Users\kizil\Desktop\SNA-GraphAlgorithms\SNA.GraphAlgorithms.App\SNA.GraphAlgorithms.App.csproj]
C:\Users\kizil\Desktop\SNA-GraphAlgorithms\SNA.GraphAlgorithms.App\Form1.cs(336,35): error CS1503: 1 ba─ş─▒ms─▒z de─şi┼şkeni: 'System.Windows.Forms.Label' ├Â─şesinden 'string?' ├Â─şesine d├Ân├╝┼şt├╝r├╝lemiyor [C:\Users\kizil\Desktop\SNA-GraphAlgorithms\SNA.GraphAlgorithms.App\SNA.GraphAlgorithms.App.csproj]
C:\Users\kizil\Desktop\SNA-GraphAlgorithms\SNA.GraphAlgorithms.App\Form1.cs(601,31): warning CS8600: Null sabit de─şeri veya olas─▒ null de─şeri, bo┼ş de─şer atanamaz t├╝re d├Ân├╝┼şt├╝r├╝l├╝yor. [C:\Users\kizil\Desktop\SNA-GraphAlgorithms\SNA.GraphAlgorithms.App\SNA.GraphAlgorithms.App.csproj]
C:\Users\kizil\Desktop\SNA-GraphAlgorithms\SNA.GraphAlgorithms.App\Form1.cs(603,34): warning CS8602: Olas─▒ bir null ba┼şvurunun ba┼şvurma i┼şlemi. [C:\Users\kizil\Desktop\SNA-GraphAlgorithms\SNA.GraphAlgorithms.App\SNA.GraphAlgorithms.App.csproj]
C:\Users\kizil\Desktop\SNA-GraphAlgorithms\SNA.GraphAlgorithms.App\Form1.cs(688,35): warning CS8600: Null sabit de─şeri veya olas─▒ null de─şeri, bo┼ş de─şer atanamaz t├╝re d├Ân├╝┼şt├╝r├╝l├╝yor. [C:\Users\kizil\Desktop\SNA-GraphAlgorithms\SNA.GraphAlgorithms.App\SNA.GraphAlgorithms.App.csproj]
C:\Users\kizil\Desktop\SNA-GraphAlgorithms\SNA.GraphAlgorithms.App\Form1.cs(689,34): warning CS8602: Olas─▒ bir null ba┼şvurunun ba┼şvurma i┼şlemi. [C:\Users\kizil\Desktop\SNA-GraphAlgorithms\SNA.GraphAlgorithms.App\SNA.GraphAlgorithms.App.csproj]
C:\Users\kizil\Desktop\SNA-GraphAlgorithms\SNA.GraphAlgorithms.App\Form1.cs(699,35): warning CS8600: Null sabit de─şeri veya olas─▒ null de─şeri, bo┼ş de─şer atanamaz t├╝re d├Ân├╝┼şt├╝r├╝l├╝yor. [C:\Users\kizil\Desktop\SNA-GraphAlgorithms\SNA.GraphAlgorithms.App\SNA.GraphAlgorithms.App.csproj]
C:\Users\kizil\Desktop\SNA-GraphAlgorithms\SNA.GraphAlgorithms.App\Form1.cs(700,34): warning CS8602: Olas─▒ bir null ba┼şvurunun ba┼şvurma i┼şlemi. [C:\Users\kizil\Desktop\SNA-GraphAlgorithms\SNA.GraphAlgorithms.App\SNA.GraphAlgorithms.App.csproj]

Olu┼şturma BA┼ŞARISIZ OLDU.

C:\Program Files\dotnet\sdk\10.0.101\Microsoft.Common.CurrentVersion.targets(2437,5): warning MSB3245: Bu ba┼şvuru ├ğ├Âz├╝mlenemedi. "Microsoft.VisualBasic" b├╝t├╝nle┼ştirilmi┼ş kodu bulunamad─▒. B├╝t├╝nle┼ştirilmi┼ş kodun diskte mevcut oldu─şundan emin olun. Bu ba┼şvuru kodunuz i├ğin gerekliyse, derleme hatalar─▒yla kar┼ş─▒la┼şabilirsiniz. [C:\Users\kizil\Desktop\SNA-GraphAlgorithms\SNA.GraphAlgorithms.App\SNA.GraphAlgorithms.App.csproj]
C:\Program Files\dotnet\sdk\10.0.101\Microsoft.Common.CurrentVersion.targets(2437,5): warning MSB3243: "Microsoft.VisualBasic, Version=10.1.0.0, Culture=neutral, PublicKeyToken=b03f5f7f11d50a3a" ve "Microsoft.VisualBasic" aras─▒ndaki ├ğak─▒┼şmay─▒ ├ğ├Âz├╝mleyecek bir y├Ântem yok. Rastgele olarak "Microsoft.VisualBasic, Version=10.1.0.0, Culture=neutral, PublicKeyToken=b03f5f7f11d50a3a" se├ğiliyor. [C:\Users\kizil\Desktop\SNA-GraphAlgorithms\SNA.GraphAlgorithms.App\SNA.GraphAlgorithms.App.csproj]
C:\Users\kizil\Desktop\SNA-GraphAlgorithms\SNA.GraphAlgorithms.App\Form1.cs(56,16): warning CS8618: Null atanamaz alan 'graphPanel', olu┼şturucudan ├ğ─▒k─▒┼ş yaparken null olmayan bir de─şer i├ğermelidir. 'Gerekli' de─şi┼ştiricisini ekleyin veya alan de─şerini null atanabilir olarak bildirmeyi g├Âz ├Ân├╝nde bulundurun. [C:\Users\kizil\Desktop\SNA-GraphAlgorithms\SNA.GraphAlgorithms.App\SNA.GraphAlgorithms.App.csproj]
C:\Users\kizil\Desktop\SNA-GraphAlgorithms\SNA.GraphAlgorithms.App\Form1.cs(56,16): warning CS8618: Null atanamaz alan 'controlPanel', olu┼şturucudan ├ğ─▒k─▒┼ş yaparken null olmayan bir de─şer i├ğermelidir. 'Gerekli' de─şi┼ştiricisini ekleyin veya alan de─şerini null atanabilir olarak bildirmeyi g├Âz ├Ân├╝nde bulundurun. [C:\Users\kizil\Desktop\SNA-GraphAlgorithms\SNA.GraphAlgorithms.App\SNA.GraphAlgorithms.App.csproj]
C:\Users\kizil\Desktop\SNA-GraphAlgorithms\SNA.GraphAlgorithms.App\Form1.cs(56,16): warning CS8618: Null atanamaz alan 'resultsPanel', olu┼şturucudan ├ğ─▒k─▒┼ş yaparken null olmayan bir de─şer i├ğermelidir. 'Gerekli' de─şi┼ştiricisini ekleyin veya alan de─şerini null atanabilir olarak bildirmeyi g├Âz ├Ân├╝nde bulundurun. [C:\Users\kizil\Desktop\SNA-GraphAlgorithms\SNA.GraphAlgorithms.App\SNA.GraphAlgorithms.App.csproj]
C:\Users\kizil\Desktop\SNA-GraphAlgorithms\SNA.GraphAlgorithms.App\Form1.cs(56,16): warning CS8618: Null atanamaz alan 'resultListBox', olu┼şturucudan ├ğ─▒k─▒┼ş yaparken null olmayan bir de─şer i├ğermelidir. 'Gerekli' de─şi┼ştiricisini ekleyin veya alan de─şerini null atanabilir olarak bildirmeyi g├Âz ├Ân├╝nde bulundurun. [C:\Users\kizil\Desktop\SNA-GraphAlgorithms\SNA.GraphAlgorithms.App\SNA.GraphAlgorithms.App.csproj]
C:\Users\kizil\Desktop\SNA-GraphAlgorithms\SNA.GraphAlgorithms.App\Form1.cs(56,16): warning CS8618: Null atanamaz alan 'infoTextBox', olu┼şturucudan ├ğ─▒k─▒┼ş yaparken null olmayan bir de─şer i├ğermelidir. 'Gerekli' de─şi┼ştiricisini ekleyin veya alan de─şerini null atanabilir olarak bildirmeyi g├Âz ├Ân├╝nde bulundurun. [C:\Users\kizil\Desktop\SNA-GraphAlgorithms\SNA.GraphAlgorithms.App\SNA.GraphAlgorithms.App.csproj]
C:\Users\kizil\Desktop\SNA-GraphAlgorithms\SNA.GraphAlgorithms.App\Form1.cs(56,16): warning CS8618: Null atanamaz alan 'algorithmComboBox', olu┼şturucudan ├ğ─▒k─▒┼ş yaparken null olmayan bir de─şer i├ğermelidir. 'Gerekli' de─şi┼ştiricisini ekleyin veya alan de─şerini null atanabilir olarak bildirmeyi g├Âz ├Ân├╝nde bulundurun. [C:\Users\kizil\Desktop\SNA-GraphAlgorithms\SNA.GraphAlgorithms.App\SNA.GraphAlgorithms.App.csproj]
C:\Users\kizil\Desktop\SNA-GraphAlgorithms\SNA.GraphAlgorithms.App\Form1.cs(56,16): warning CS8618: Null atanamaz alan 'startNodeComboBox', olu┼şturucudan ├ğ─▒k─▒┼ş yaparken null olmayan bir de─şer i├ğermelidir. 'Gerekli' de─şi┼ştiricisini ekleyin veya alan de─şerini null atanabilir olarak bildirmeyi g├Âz ├Ân├╝nde bulundurun. [C:\Users\kizil\Desktop\SNA-GraphAlgorithms\SNA.GraphAlgorithms.App\SNA.GraphAlgorithms.App.csproj]
C:\Users\kizil\Desktop\SNA-GraphAlgorithms\SNA.GraphAlgorithms.App\Form1.cs(56,16): warning CS8618: Null atanamaz alan 'endNodeComboBox', olu┼şturucudan ├ğ─▒k─▒┼ş yaparken null olmayan bir de─şer i├ğermelidir. 'Gerekli' de─şi┼ştiricisini ekleyin veya alan de─şerini null atanabilir olarak bildirmeyi g├Âz ├Ân├╝nde bulundurun. [C:\Users\kizil\Desktop\SNA-GraphAlgorithms\SNA.GraphAlgorithms.App\SNA.GraphAlgorithms.App.csproj]
C:\Users\kizil\Desktop\SNA-GraphAlgorithms\SNA.GraphAlgorithms.App\Form1.cs(56,16): warning CS8618: Null atanamaz alan 'runAlgorithmButton', olu┼şturucudan ├ğ─▒k─▒┼ş yaparken null olmayan bir de─şer i├ğermelidir. 'Gerekli' de─şi┼ştiricisini ekleyin veya alan de─şerini null atanabilir olarak bildirmeyi g├Âz ├Ân├╝nde bulundurun. [C:\Users\kizil\Desktop\SNA-GraphAlgorithms\SNA.GraphAlgorithms.App\SNA.GraphAlgorithms.App.csproj]
C:\Users\kizil\Desktop\SNA-GraphAlgorithms\SNA.GraphAlgorithms.App\Form1.cs(56,16): warning CS8618: Null atanamaz alan 'statusLabel', olu┼şturucudan ├ğ─▒k─▒┼ş yaparken null olmayan bir de─şer i├ğermelidir. 'Gerekli' de─şi┼ştiricisini ekleyin veya alan de─şerini null atanabilir olarak bildirmeyi g├Âz ├Ân├╝nde bulundurun. [C:\Users\kizil\Desktop\SNA-GraphAlgorithms\SNA.GraphAlgorithms.App\SNA.GraphAlgorithms.App.csproj]
C:\Users\kizil\Desktop\SNA-GraphAlgorithms\SNA.GraphAlgorithms.App\Form1.cs(97,59): warning CS8622: Muhtemelen null atanabilirlik ├Âznitelikleri nedeniyle, 'sender' parametresinin 'void Form1.LoadCsvClick(object sender, EventArgs e)' t├╝r├╝ndeki ba┼şvuru t├╝rlerinin null atanabilirli─şi 'EventHandler' hedef temsilcisiyle e┼şle┼şmiyor. [C:\Users\kizil\Desktop\SNA-GraphAlgorithms\SNA.GraphAlgorithms.App\SNA.GraphAlgorithms.App.csproj]
C:\Users\kizil\Desktop\SNA-GraphAlgorithms\SNA.GraphAlgorithms.App\Form1.cs(98,62): warning CS8622: Muhtemelen null atanabilirlik ├Âznitelikleri nedeniyle, 'sender' parametresinin 'void Form1.ExportJsonClick(object sender, EventArgs e)' t├╝r├╝ndeki ba┼şvuru t├╝rlerinin null atanabilirli─şi 'EventHandler' hedef temsilcisiyle e┼şle┼şmiyor. [C:\Users\kizil\Desktop\SNA-GraphAlgorithms\SNA.GraphAlgorithms.App\SNA.GraphAlgorithms.App.csproj]
C:\Users\kizil\Desktop\SNA-GraphAlgorithms\SNA.GraphAlgorithms.App\Form1.cs(99,62): warning CS8622: Muhtemelen null atanabilirlik ├Âznitelikleri nedeniyle, 'sender' parametresinin 'void Form1.ExportCsvClick(object sender, EventArgs e)' t├╝r├╝ndeki ba┼şvuru t├╝rlerinin null atanabilirli─şi 'EventHandler' hedef temsilcisiyle e┼şle┼şmiyor. [C:\Users\kizil\Desktop\SNA-GraphAlgorithms\SNA.GraphAlgorithms.App\SNA.GraphAlgorithms.App.csproj]
C:\Users\kizil\Desktop\SNA-GraphAlgorithms\SNA.GraphAlgorithms.App\Form1.cs(100,67): warning CS8622: Muhtemelen null atanabilirlik ├Âznitelikleri nedeniyle, 'sender' parametresinin 'void Form1.ExportAllClick(object sender, EventArgs e)' t├╝r├╝ndeki ba┼şvuru t├╝rlerinin null atanabilirli─şi 'EventHandler' hedef temsilcisiyle e┼şle┼şmiyor. [C:\Users\kizil\Desktop\SNA-GraphAlgorithms\SNA.GraphAlgorithms.App\SNA.GraphAlgorithms.App.csproj]
C:\Users\kizil\Desktop\SNA-GraphAlgorithms\SNA.GraphAlgorithms.App\Form1.cs(109,61): warning CS8622: Muhtemelen null atanabilirlik ├Âznitelikleri nedeniyle, 'sender' parametresinin 'void Form1.AddNodeClick(object sender, EventArgs e)' t├╝r├╝ndeki ba┼şvuru t├╝rlerinin null atanabilirli─şi 'EventHandler' hedef temsilcisiyle e┼şle┼şmiyor. [C:\Users\kizil\Desktop\SNA-GraphAlgorithms\SNA.GraphAlgorithms.App\SNA.GraphAlgorithms.App.csproj]
C:\Users\kizil\Desktop\SNA-GraphAlgorithms\SNA.GraphAlgorithms.App\Form1.cs(110,61): warning CS8622: Muhtemelen null atanabilirlik ├Âznitelikleri nedeniyle, 'sender' parametresinin 'void Form1.AddEdgeClick(object sender, EventArgs e)' t├╝r├╝ndeki ba┼şvuru t├╝rlerinin null atanabilirli─şi 'EventHandler' hedef temsilcisiyle e┼şle┼şmiyor. [C:\Users\kizil\Desktop\SNA-GraphAlgorithms\SNA.GraphAlgorithms.App\SNA.GraphAlgorithms.App.csproj]
C:\Users\kizil\Desktop\SNA-GraphAlgorithms\SNA.GraphAlgorithms.App\Form1.cs(127,58): warning CS8622: Muhtemelen null atanabilirlik ├Âznitelikleri nedeniyle, 'sender' parametresinin 'void Form1.ShowAbout(object sender, EventArgs e)' t├╝r├╝ndeki ba┼şvuru t├╝rlerinin null atanabilirli─şi 'EventHandler' hedef temsilcisiyle e┼şle┼şmiyor. [C:\Users\kizil\Desktop\SNA-GraphAlgorithms\SNA.GraphAlgorithms.App\SNA.GraphAlgorithms.App.csproj]
C:\Users\kizil\Desktop\SNA-GraphAlgorithms\SNA.GraphAlgorithms.App\Form1.cs(224,41): warning CS8622: Muhtemelen null atanabilirlik ├Âznitelikleri nedeniyle, 'sender' parametresinin 'void Form1.RunAlgorithmButton_Click(object sender, EventArgs e)' t├╝r├╝ndeki ba┼şvuru t├╝rlerinin null atanabilirli─şi 'EventHandler' hedef temsilcisiyle e┼şle┼şmiyor. [C:\Users\kizil\Desktop\SNA-GraphAlgorithms\SNA.GraphAlgorithms.App\SNA.GraphAlgorithms.App.csproj]
C:\Users\kizil\Desktop\SNA-GraphAlgorithms\SNA.GraphAlgorithms.App\Form1.cs(276,33): warning CS8622: Muhtemelen null atanabilirlik ├Âznitelikleri nedeniyle, 'sender' parametresinin 'void Form1.GraphPanel_Paint(object sender, PaintEventArgs e)' t├╝r├╝ndeki ba┼şvuru t├╝rlerinin null atanabilirli─şi 'PaintEventHandler' hedef temsilcisiyle e┼şle┼şmiyor. [C:\Users\kizil\Desktop\SNA-GraphAlgorithms\SNA.GraphAlgorithms.App\SNA.GraphAlgorithms.App.csproj]
C:\Users\kizil\Desktop\SNA-GraphAlgorithms\SNA.GraphAlgorithms.App\Form1.cs(277,38): warning CS8622: Muhtemelen null atanabilirlik ├Âznitelikleri nedeniyle, 'sender' parametresinin 'void Form1.GraphPanel_MouseClick(object sender, MouseEventArgs e)' t├╝r├╝ndeki ba┼şvuru t├╝rlerinin null atanabilirli─şi 'MouseEventHandler' hedef temsilcisiyle e┼şle┼şmiyor. [C:\Users\kizil\Desktop\SNA-GraphAlgorithms\SNA.GraphAlgorithms.App\SNA.GraphAlgorithms.App.csproj]
C:\Users\kizil\Desktop\SNA-GraphAlgorithms\SNA.GraphAlgorithms.App\Form1.cs(278,37): warning CS8622: Muhtemelen null atanabilirlik ├Âznitelikleri nedeniyle, 'sender' parametresinin 'void Form1.GraphPanel_MouseMove(object sender, MouseEventArgs e)' t├╝r├╝ndeki ba┼şvuru t├╝rlerinin null atanabilirli─şi 'MouseEventHandler' hedef temsilcisiyle e┼şle┼şmiyor. [C:\Users\kizil\Desktop\SNA-GraphAlgorithms\SNA.GraphAlgorithms.App\SNA.GraphAlgorithms.App.csproj]
C:\Users\kizil\Desktop\SNA-GraphAlgorithms\SNA.GraphAlgorithms.App\Form1.cs(311,51): warning CS8622: Muhtemelen null atanabilirlik ├Âznitelikleri nedeniyle, 'sender' parametresinin 'void Form1.ResultListBox_SelectedIndexChanged(object sender, EventArgs e)' t├╝r├╝ndeki ba┼şvuru t├╝rlerinin null atanabilirli─şi 'EventHandler' hedef temsilcisiyle e┼şle┼şmiyor. [C:\Users\kizil\Desktop\SNA-GraphAlgorithms\SNA.GraphAlgorithms.App\SNA.GraphAlgorithms.App.csproj]
C:\Users\kizil\Desktop\SNA-GraphAlgorithms\SNA.GraphAlgorithms.App\Form1.cs(601,31): warning CS8600: Null sabit de─şeri veya olas─▒ null de─şeri, bo┼ş de─şer atanamaz t├╝re d├Ân├╝┼şt├╝r├╝l├╝yor. [C:\Users\kizil\Desktop\SNA-GraphAlgorithms\SNA.GraphAlgorithms.App\SNA.GraphAlgorithms.App.csproj]
C:\Users\kizil\Desktop\SNA-GraphAlgorithms\SNA.GraphAlgorithms.App\Form1.cs(603,34): warning CS8602: Olas─▒ bir null ba┼şvurunun ba┼şvurma i┼şlemi. [C:\Users\kizil\Desktop\SNA-GraphAlgorithms\SNA.GraphAlgorithms.App\SNA.GraphAlgorithms.App.csproj]
C:\Users\kizil\Desktop\SNA-GraphAlgorithms\SNA.GraphAlgorithms.App\Form1.cs(688,35): warning CS8600: Null sabit de─şeri veya olas─▒ null de─şeri, bo┼ş de─şer atanamaz t├╝re d├Ân├╝┼şt├╝r├╝l├╝yor. [C:\Users\kizil\Desktop\SNA-GraphAlgorithms\SNA.GraphAlgorithms.App\SNA.GraphAlgorithms.App.csproj]
C:\Users\kizil\Desktop\SNA-GraphAlgorithms\SNA.GraphAlgorithms.App\Form1.cs(689,34): warning CS8602: Olas─▒ bir null ba┼şvurunun ba┼şvurma i┼şlemi. [C:\Users\kizil\Desktop\SNA-GraphAlgorithms\SNA.GraphAlgorithms.App\SNA.GraphAlgorithms.App.csproj]
C:\Users\kizil\Desktop\SNA-GraphAlgorithms\SNA.GraphAlgorithms.App\Form1.cs(699,35): warning CS8600: Null sabit de─şeri veya olas─▒ null de─şeri, bo┼ş de─şer atanamaz t├╝re d├Ân├╝┼şt├╝r├╝l├╝yor. [C:\Users\kizil\Desktop\SNA-GraphAlgorithms\SNA.GraphAlgorithms.App\SNA.GraphAlgorithms.App.csproj]
C:\Users\kizil\Desktop\SNA-GraphAlgorithms\SNA.GraphAlgorithms.App\Form1.cs(700,34): warning CS8602: Olas─▒ bir null ba┼şvurunun ba┼şvurma i┼şlemi. [C:\Users\kizil\Desktop\SNA-GraphAlgorithms\SNA.GraphAlgorithms.App\SNA.GraphAlgorithms.App.csproj]
C:\Users\kizil\Desktop\SNA-GraphAlgorithms\SNA.GraphAlgorithms.App\Form1.cs(330,27): error CS0029: 'System.Windows.Forms.ToolStripStatusLabel' t├╝r├╝ ├Ârt├╝l├╝ olarak 'System.Windows.Forms.Label' t├╝r├╝ne d├Ân├╝┼şt├╝r├╝lemez [C:\Users\kizil\Desktop\SNA-GraphAlgorithms\SNA.GraphAlgorithms.App\SNA.GraphAlgorithms.App.csproj]
C:\Users\kizil\Desktop\SNA-GraphAlgorithms\SNA.GraphAlgorithms.App\Form1.cs(336,35): error CS1503: 1 ba─ş─▒ms─▒z de─şi┼şkeni: 'System.Windows.Forms.Label' ├Â─şesinden 'string?' ├Â─şesine d├Ân├╝┼şt├╝r├╝lemiyor [C:\Users\kizil\Desktop\SNA-GraphAlgorithms\SNA.GraphAlgorithms.App\SNA.GraphAlgorithms.App.csproj]
    30 Uyar─▒
    2 Hata

Ge├ğen S├╝re 00:00:01.58
